gthr-default.h:229:1:int __gthread_key_delete(__gthread_key_t)	16	static
scpi.cpp:16:15:scpi_result_t SCPI_Freq(scpi_t*)	24	static
scpi.cpp:31:15:scpi_result_t SCPI_FreqQ(scpi_t*)	24	static
scpi.cpp:38:15:scpi_result_t SCPI_Power(scpi_t*)	40	static
scpi.cpp:54:15:scpi_result_t SCPI_PowerQ(scpi_t*)	32	static
scpi.cpp:67:15:scpi_result_t SCPI_Output(scpi_t*)	16	static
scpi.cpp:82:15:scpi_result_t SCPI_OutputQ(scpi_t*)	16	static
scpi.cpp:88:15:scpi_result_t SCPI_CalState(scpi_t*)	16	static
scpi.cpp:94:15:scpi_result_t SCPI_CalStateQ(scpi_t*)	16	static
scpi.cpp:100:15:scpi_result_t SCPI_CorrState(scpi_t*)	16	static
scpi.cpp:106:15:scpi_result_t SCPI_CorrStateQ(scpi_t*)	16	static
scpi.cpp:167:1:SCPI::SCPI(const char**)	16	static
scpi.cpp:190:8:static size_t SCPI::_SCPI_Write(scpi_t*, const char*, size_t)	32	static
scpi.cpp:194:15:static scpi_result_t SCPI::_SCPI_Flush(scpi_t*)	16	static
scpi.cpp:198:5:static int SCPI::_SCPI_Error(scpi_t*, int_fast16_t)	16	static
scpi.cpp:202:15:static scpi_result_t SCPI::_SCPI_Control(scpi_t*, scpi_ctrl_name_t, scpi_reg_val_t)	24	static
scpi.cpp:206:15:static scpi_result_t SCPI::_SCPI_Test(scpi_t*)	16	static
scpi.cpp:210:15:static scpi_result_t SCPI::_SCPI_Reset(scpi_t*)	16	static
scpi.cpp:215:8:virtual size_t SCPI::SCPI_Write(scpi_t*, const char*, size_t)	24	static
scpi.cpp:219:5:virtual int SCPI::SCPI_Error(scpi_t*, int_fast16_t)	296	static
scpi.cpp:226:15:virtual scpi_result_t SCPI::SCPI_Control(scpi_t*, scpi_ctrl_name_t, scpi_reg_val_t)	304	static
scpi.cpp:238:15:virtual scpi_result_t SCPI::SCPI_Reset(scpi_t*)	280	static
scpi.cpp:245:15:virtual scpi_result_t SCPI::SCPI_Test(scpi_t*)	280	static
scpi.cpp:253:15:virtual scpi_result_t SCPI::SCPI_Flush(scpi_t*)	16	static
scpi.cpp:257:5:int SCPI::Parse(char*, size_t)	24	static
scpi.cpp:261:5:int SCPI::In(char*, size_t)	24	static
scpi.cpp:269:5:int SCPI::Out(char*, size_t)	24	static
scpi.cpp:273:5:int SCPI::In(CircularBuffer<unsigned char>&)	24	static
circularbuffer.h:175:7:void CircularBuffer<T, accept_data_when_full>::Clear() [with T = unsigned char; unsigned char accept_data_when_full = 1u]	16	static
circularbuffer.h:172:11:uint16_t CircularBuffer<T, accept_data_when_full>::Ocupied() [with T = unsigned char; unsigned char accept_data_when_full = 1u; uint16_t = short unsigned int]	16	static
circularbuffer.h:32:11:uint16_t CircularBuffer<T, accept_data_when_full>::In(const T*, uint16_t) [with T = unsigned char; unsigned char accept_data_when_full = 1u; uint16_t = short unsigned int]	32	static
circularbuffer.h:107:11:uint16_t CircularBuffer<T, accept_data_when_full>::Out(T*, uint16_t) [with T = unsigned char; unsigned char accept_data_when_full = 1u; uint16_t = short unsigned int]	32	static
circularbuffer.h:7:2:CircularBuffer<T, accept_data_when_full>::CircularBuffer(T*, uint16_t, uint16_t) [with T = char; unsigned char accept_data_when_full = 1u; uint16_t = short unsigned int]	24	static
circularbuffer.h:32:11:uint16_t CircularBuffer<T, accept_data_when_full>::In(const T*, uint16_t) [with T = char; unsigned char accept_data_when_full = 1u; uint16_t = short unsigned int]	32	static
circularbuffer.h:107:11:uint16_t CircularBuffer<T, accept_data_when_full>::Out(T*, uint16_t) [with T = char; unsigned char accept_data_when_full = 1u; uint16_t = short unsigned int]	32	static
circularbuffer.h:181:5:T* CircularBuffer<T, accept_data_when_full>::GetRearrangedBuffer() [with T = unsigned char; unsigned char accept_data_when_full = 1u]	56	dynamic
circularbuffer.h:169:11:uint16_t CircularBuffer<T, accept_data_when_full>::Free() [with T = unsigned char; unsigned char accept_data_when_full = 1u; uint16_t = short unsigned int]	16	static
stl_algobase.h:460:5:_OI std::copy(_II, _II, _OI) [with _II = const unsigned char*; _OI = unsigned char*]	32	static
stl_algobase.h:460:5:_OI std::copy(_II, _II, _OI) [with _II = unsigned char*; _OI = unsigned char*]	32	static
circularbuffer.h:169:11:uint16_t CircularBuffer<T, accept_data_when_full>::Free() [with T = char; unsigned char accept_data_when_full = 1u; uint16_t = short unsigned int]	16	static
stl_algobase.h:460:5:_OI std::copy(_II, _II, _OI) [with _II = const char*; _OI = char*]	32	static
circularbuffer.h:172:11:uint16_t CircularBuffer<T, accept_data_when_full>::Ocupied() [with T = char; unsigned char accept_data_when_full = 1u; uint16_t = short unsigned int]	16	static
stl_algobase.h:460:5:_OI std::copy(_II, _II, _OI) [with _II = char*; _OI = char*]	32	static
circularbuffer.h:175:7:void CircularBuffer<T, accept_data_when_full>::Clear() [with T = char; unsigned char accept_data_when_full = 1u]	16	static
stl_algobase.h:293:5:typename std::_Miter_base<_Iterator>::iterator_type std::__miter_base(_Iterator) [with _Iterator = const unsigned char*; typename std::_Miter_base<_Iterator>::iterator_type = const unsigned char*]	16	static
stl_algobase.h:434:5:_OI std::__copy_move_a2(_II, _II, _OI) [with bool _IsMove = false; _II = const unsigned char*; _OI = unsigned char*]	32	static
stl_algobase.h:293:5:typename std::_Miter_base<_Iterator>::iterator_type std::__miter_base(_Iterator) [with _Iterator = unsigned char*; typename std::_Miter_base<_Iterator>::iterator_type = unsigned char*]	16	static
stl_algobase.h:434:5:_OI std::__copy_move_a2(_II, _II, _OI) [with bool _IsMove = false; _II = unsigned char*; _OI = unsigned char*]	32	static
stl_algobase.h:293:5:typename std::_Miter_base<_Iterator>::iterator_type std::__miter_base(_Iterator) [with _Iterator = const char*; typename std::_Miter_base<_Iterator>::iterator_type = const char*]	16	static
stl_algobase.h:434:5:_OI std::__copy_move_a2(_II, _II, _OI) [with bool _IsMove = false; _II = const char*; _OI = char*]	32	static
stl_algobase.h:293:5:typename std::_Miter_base<_Iterator>::iterator_type std::__miter_base(_Iterator) [with _Iterator = char*; typename std::_Miter_base<_Iterator>::iterator_type = char*]	16	static
stl_algobase.h:434:5:_OI std::__copy_move_a2(_II, _II, _OI) [with bool _IsMove = false; _II = char*; _OI = char*]	32	static
stl_iterator_base_types.h:215:28:static std::_Iter_base<_Iterator, _HasBase>::iterator_type std::_Iter_base<_Iterator, _HasBase>::_S_base(_Iterator) [with _Iterator = const unsigned char*; bool _HasBase = false; std::_Iter_base<_Iterator, _HasBase>::iterator_type = const unsigned char*]	16	static
stl_algobase.h:282:5:typename std::_Niter_base<_Iterator>::iterator_type std::__niter_base(_Iterator) [with _Iterator = const unsigned char*; typename std::_Niter_base<_Iterator>::iterator_type = const unsigned char*]	16	static
stl_algobase.h:282:5:typename std::_Niter_base<_Iterator>::iterator_type std::__niter_base(_Iterator) [with _Iterator = unsigned char*; typename std::_Niter_base<_Iterator>::iterator_type = unsigned char*]	16	static
stl_algobase.h:389:5:_OI std::__copy_move_a(_II, _II, _OI) [with bool _IsMove = false; _II = const unsigned char*; _OI = unsigned char*]	32	static
stl_iterator_base_types.h:215:28:static std::_Iter_base<_Iterator, _HasBase>::iterator_type std::_Iter_base<_Iterator, _HasBase>::_S_base(_Iterator) [with _Iterator = unsigned char*; bool _HasBase = false; std::_Iter_base<_Iterator, _HasBase>::iterator_type = unsigned char*]	16	static
stl_algobase.h:389:5:_OI std::__copy_move_a(_II, _II, _OI) [with bool _IsMove = false; _II = unsigned char*; _OI = unsigned char*]	32	static
stl_iterator_base_types.h:215:28:static std::_Iter_base<_Iterator, _HasBase>::iterator_type std::_Iter_base<_Iterator, _HasBase>::_S_base(_Iterator) [with _Iterator = const char*; bool _HasBase = false; std::_Iter_base<_Iterator, _HasBase>::iterator_type = const char*]	16	static
stl_algobase.h:282:5:typename std::_Niter_base<_Iterator>::iterator_type std::__niter_base(_Iterator) [with _Iterator = const char*; typename std::_Niter_base<_Iterator>::iterator_type = const char*]	16	static
stl_algobase.h:282:5:typename std::_Niter_base<_Iterator>::iterator_type std::__niter_base(_Iterator) [with _Iterator = char*; typename std::_Niter_base<_Iterator>::iterator_type = char*]	16	static
stl_algobase.h:389:5:_OI std::__copy_move_a(_II, _II, _OI) [with bool _IsMove = false; _II = const char*; _OI = char*]	32	static
stl_iterator_base_types.h:215:28:static std::_Iter_base<_Iterator, _HasBase>::iterator_type std::_Iter_base<_Iterator, _HasBase>::_S_base(_Iterator) [with _Iterator = char*; bool _HasBase = false; std::_Iter_base<_Iterator, _HasBase>::iterator_type = char*]	16	static
stl_algobase.h:389:5:_OI std::__copy_move_a(_II, _II, _OI) [with bool _IsMove = false; _II = char*; _OI = char*]	32	static
stl_algobase.h:373:9:static _Tp* std::__copy_move<_IsMove, true, std::random_access_iterator_tag>::__copy_m(const _Tp*, const _Tp*, _Tp*) [with _Tp = unsigned char; bool _IsMove = false]	32	static
stl_algobase.h:373:9:static _Tp* std::__copy_move<_IsMove, true, std::random_access_iterator_tag>::__copy_m(const _Tp*, const _Tp*, _Tp*) [with _Tp = char; bool _IsMove = false]	32	static
